Build started 13.05.2013 01:02:46.
     1>Project "T:\VS+Asm\C+Asm\C+Asm.vcxproj" on node 2 (rebuild target(s)).
     1>_PrepareForClean:
         Deleting file "Debug\C+Asm.lastbuildstate".
       InitializeBuildStatus:
         Creating "Debug\C+Asm.unsuccessfulbuild" because "AlwaysCreate" was specified.
       _MASM:
         Assembling [Inputs]...
         cmd.exe /C "C:\Temp\tmp3fd4ebc433ed4a009fde1b4a2ad98a2d.cmd"
         ml.exe /c /nologo /Sa /Sg /Zi /Fo"Debug\Asm.obj" /Fl"Debug\Asm.lst" /W3 /errorReport:prompt  /TaAsm.asm
       ClCompile:
         C:\Program Files (x86)\Microsoft Visual Studio 10.0\VC\bin\CL.exe /c /ZI /nologo /W4 /WX- /Od /Oy- /D WIN32 /D _DEBUG /D _CONSOLE /D _MBCS /Gm /EHsc /RTC1 /MDd /GS /fp:precise /Zc:wchar_t /Zc:forScope /Fx /FAcs /Fa"Debug\\" /Fo"Debug\\" /Fd"Debug\vc100.pdb" /Gd /TP /analyze- /errorReport:prompt C.cpp
         C.cpp
       ManifestResourceCompile:
         C:\Program Files (x86)\Microsoft SDKs\Windows\v7.0A\bin\rc.exe /nologo /fo"Debug\C+Asm.exe.embed.manifest.res" Debug\C+Asm_manifest.rc 
       Link:
         C:\Program Files (x86)\Microsoft Visual Studio 10.0\VC\bin\link.exe /ERRORREPORT:PROMPT /OUT:"T:\VS+Asm\C+Asm\Debug\C+Asm.exe" /INCREMENTAL /NOLOGO kernel32.lib user32.lib gdi32.lib winspool.lib comdlg32.lib advapi32.lib shell32.lib ole32.lib oleaut32.lib uuid.lib odbc32.lib odbccp32.lib /MANIFEST /ManifestFile:"Debug\C+Asm.exe.intermediate.manifest" /MANIFESTUAC:"level='asInvoker' uiAccess='false'" /DEBUG /PDB:"T:\VS+Asm\C+Asm\Debug\C+Asm.pdb" /SUBSYSTEM:CONSOLE /TLBID:1 /DYNAMICBASE /NXCOMPAT /IMPLIB:"T:\VS+Asm\C+Asm\Debug\C+Asm.lib" /MACHINE:X86 /PROFILE Debug\C+Asm.exe.embed.manifest.res
         Debug\C.obj
         Debug\Asm.obj
     1>LINK : warning LNK4075: ignoring '/INCREMENTAL' due to '/PROFILE' specification
     1>C.obj : warning LNK4075: ignoring '/EDITANDCONTINUE' due to '/OPT:REF' specification
       Manifest:
         Deleting file "Debug\C+Asm.exe.embed.manifest".
         C:\Program Files (x86)\Microsoft SDKs\Windows\v7.0A\bin\mt.exe /nologo /verbose /out:"Debug\C+Asm.exe.embed.manifest" /manifest Debug\C+Asm.exe.intermediate.manifest
         C:\Program Files (x86)\Microsoft SDKs\Windows\v7.0A\bin\rc.exe /nologo /fo"Debug\C+Asm.exe.embed.manifest.res" Debug\C+Asm_manifest.rc 
       LinkEmbedManifest:
         C:\Program Files (x86)\Microsoft Visual Studio 10.0\VC\bin\link.exe /ERRORREPORT:PROMPT /OUT:"T:\VS+Asm\C+Asm\Debug\C+Asm.exe" /INCREMENTAL /NOLOGO kernel32.lib user32.lib gdi32.lib winspool.lib comdlg32.lib advapi32.lib shell32.lib ole32.lib oleaut32.lib uuid.lib odbc32.lib odbccp32.lib /MANIFEST /ManifestFile:"Debug\C+Asm.exe.intermediate.manifest" /MANIFESTUAC:"level='asInvoker' uiAccess='false'" /DEBUG /PDB:"T:\VS+Asm\C+Asm\Debug\C+Asm.pdb" /SUBSYSTEM:CONSOLE /TLBID:1 /DYNAMICBASE /NXCOMPAT /IMPLIB:"T:\VS+Asm\C+Asm\Debug\C+Asm.lib" /MACHINE:X86 /PROFILE Debug\C+Asm.exe.embed.manifest.res
         Debug\C.obj
         Debug\Asm.obj
     1>LINK : warning LNK4075: ignoring '/INCREMENTAL' due to '/PROFILE' specification
     1>C.obj : warning LNK4075: ignoring '/EDITANDCONTINUE' due to '/OPT:REF' specification
         C+Asm.vcxproj -> T:\VS+Asm\C+Asm\Debug\C+Asm.exe
       FinalizeBuildStatus:
         Deleting file "Debug\C+Asm.unsuccessfulbuild".
         Touching "Debug\C+Asm.lastbuildstate".
     1>Done Building Project "T:\VS+Asm\C+Asm\C+Asm.vcxproj" (rebuild target(s)).

Build succeeded.

Time Elapsed 00:00:00.59
