T:\VS+Asm\C+Asm\Debug\Asm.obj
T:\VS+ASM\C+ASM\DEBUG\C.COD
T:\VS+ASM\C+ASM\DEBUG\C.OBJ
T:\VS+ASM\C+ASM\DEBUG\C+ASM.EXE
T:\VS+Asm\C+Asm\Debug\C+Asm.exe.CodeAnalysisLog.xml
T:\VS+ASM\C+ASM\DEBUG\C+ASM.EXE.EMBED.MANIFEST
T:\VS+ASM\C+ASM\DEBUG\C+ASM.EXE.EMBED.MANIFEST.RES
T:\VS+ASM\C+ASM\DEBUG\C+ASM.EXE.INTERMEDIATE.MANIFEST
T:\VS+Asm\C+Asm\Debug\C+Asm.exe.lastcodeanalysissucceeded
T:\VS+ASM\C+ASM\DEBUG\C+ASM.ILK
T:\VS+ASM\C+ASM\DEBUG\C+ASM.PDB
T:\VS+Asm\C+Asm\Debug\C+Asm.write.1.tlog
T:\VS+Asm\C+Asm\Debug\C+Asm_manifest.rc
T:\VS+Asm\C+Asm\Debug\cl.command.1.tlog
T:\VS+Asm\C+Asm\Debug\CL.read.1.tlog
T:\VS+Asm\C+Asm\Debug\CL.write.1.tlog
T:\VS+Asm\C+Asm\Debug\link.11940.read.1.tlog
T:\VS+Asm\C+Asm\Debug\link.11940.write.1.tlog
T:\VS+Asm\C+Asm\Debug\link.11940-cvtres.read.1.tlog
T:\VS+Asm\C+Asm\Debug\link.11940-cvtres.write.1.tlog
T:\VS+Asm\C+Asm\Debug\link.command.1.tlog
T:\VS+Asm\C+Asm\Debug\link.read.1.tlog
T:\VS+Asm\C+Asm\Debug\link.write.1.tlog
T:\VS+Asm\C+Asm\Debug\link-cvtres.read.1.tlog
T:\VS+Asm\C+Asm\Debug\link-cvtres.write.1.tlog
T:\VS+Asm\C+Asm\Debug\mt.command.1.tlog
T:\VS+Asm\C+Asm\Debug\mt.read.1.tlog
T:\VS+Asm\C+Asm\Debug\mt.write.1.tlog
T:\VS+Asm\C+Asm\Debug\rc.command.1.tlog
T:\VS+Asm\C+Asm\Debug\rc.read.1.tlog
T:\VS+Asm\C+Asm\Debug\rc.write.1.tlog
T:\VS+Asm\C+Asm\Debug\vc100.idb
T:\VS+ASM\C+ASM\DEBUG\VC100.PDB
